C51 COMPILER V9.57.0.0   LESSON6_2                                                         02/21/2021 22:41:03 PAGE 1   


C51 COMPILER V9.57.0.0, COMPILATION OF MODULE LESSON6_2
OBJECT MODULE PLACED IN .\Objects\Lesson6_2.obj
COMPILER INVOKED BY: C:\Keil_v5\C51\BIN\C51.EXE Lesson6_2.c OPTIMIZE(8,SPEED) BROWSE DEBUG OBJECTEXTEND PRINT(.\Listings
                    -\Lesson6_2.lst) TABS(2) OBJECT(.\Objects\Lesson6_2.obj)

line level    source

   1          #include <reg52.h>
   2          #include <Utility.h>
   3          
   4          sbit csda=P3^2;
   5          sbit wr=P3^6;
   6          sbit wela=P2^7;
   7          sbit rd=P3^7;
   8          
   9          uchar count=0;
  10          
  11          void init();
  12          void start();
  13          
  14          void main()
  15          {
  16   1          init();
  17   1          
  18   1          while(1)
  19   1          {
  20   2              start();
  21   2              delay(100);
  22   2              rd=0;
  23   2          }
  24   1      }
  25          
  26          void init()
  27          {
  28   1          P0=0x7f;
  29   1          wela=1;
  30   1      }
  31          
  32          void start()
  33          {
  34   1          wr=1;
  35   1          wr=0;
  36   1      }


MODULE INFORMATION:   STATIC OVERLAYABLE
   CODE SIZE        =     58    ----
   CONSTANT SIZE    =     16    ----
   XDATA SIZE       =   ----    ----
   PDATA SIZE       =   ----    ----
   DATA SIZE        =      1    ----
   IDATA SIZE       =   ----    ----
   BIT SIZE         =   ----    ----
END OF MODULE INFORMATION.


C51 COMPILATION COMPLETE.  0 WARNING(S),  0 ERROR(S)
